cid10:C30.0,C31.1
classNameBase:CavidadeNasalESeioEtmoidal
mappingLanguage:pt
page:46/47
mappings:
T1: Tumor restrito a uma das sub-localizações da cavidade nasal ou seio etmoidal, com ou sem invasão óssea
T2: Tumor que envolve duas sub-localizações de uma única localização ou que se estende para uma localização adjacente dentro do complexo naso-etmoidal, com ou sem invasão óssea
T3: Tumor que se estende à parede medial ou assoalho da órbita, seio maxilar, palato, ou lâmina cribriforme
T4a: Tumor que invade qualquer uma das seguintes estruturas: conteúdo orbitário anterior, pele do nariz ou da bochecha, extensão mínima para fossa craniana anterior, lâminas pterigóides, seio esfenoidal, seio frontal
T4b: Tumor que invade qualquer uma das seguintes estruturas: ápice da órbita, duramater, cérebro, fossa craniana média, outros nervos cranianos que não seja o da divisão maxilar do trigêmio V2, nasofaringe, clivus
N1: Metástase em um único linfonodo homolateral, com 3cm ou menos em sua maior dimensão
N2: Metástase em um único linfonodo homolateral, com mais de 3cm até 6 cm em sua maior dimensão; ou em linfonodos homolaterais múltiplos, nenhum deles com mais de 6cm em sua maior extensão; ou em linfonodos bilaterais ou contralaterais, nenhum dles com mais de 6cm em sua maior dimensão
N2a: Metástase em um único linfonodo homolateral, com mais de 3cm até 6 cm em sua maior dimensão
N2b: Metástase em linfonodos homolaterais múltiplos, nenhum deles com mais de 6cm em sua maior extensão
N2c: Metástase em linfonodos bilaterais ou contralaterais, nenhum dles com mais de 6cm em sua maior dimensão
N3: Metástase em linfonodo com mais de 6 cm em sua maior dimensão
