cid10:C34
classNameBase:Pulmao
mappingLanguage:pt
page:105
mappings:
T1: Tumor com 3 cm ou menos em sua maior dimensão, circundado por pulmão ou pleura visceral, sem evidência broncoscópica de invasão mais proximal que o brônquio lobar (i.e., sem invasão do brônquio principal).
T2: Tumor com qualquer das seguintes características de tamanho ou extensão: Com mais de 3 cm em sua maior dimensão; Compromete o brônquio principal, com 2 cm ou mais distalmente à carina ;Invade a pleura visceral; Associado com atelectasia ou pneumonite obstrutiva que se estende até a região hilar, mas não envolve todo o pulmão
T3: Tumor de qualquer tamanho que invade diretamente qualquer uma das seguintes estruturas: parede torácica (inclusive os tumores do sulco superior), diafragma,
pleura mediastinal, pericárdio parietal; ou tumor do brônquio principal com menos de 2 cm distalmente à carina1 mas sem envolvimento da mesma; ou tumor associado com atelectasia ou pneumonite obstrutiva de todo o pulmão
T4: Tumor de qualquer tamanho que invade qualquer das seguintes estruturas: mediastino, coração, grandes vasos, traquéia, esôfago, corpo vertebral, carina; ou nódulo(s) tumoral(ais) distinto(s) no mesmo lobo; tumor com derrame pleural maligno
N1: Metástase em linfonodos peribrônquicos e/ou hilares homolaterais e nódulos intrapulmonares, incluindo o comprometimento por extensão direta
N2: Metástase em linfonodo(s) mediastinal(ais) homolateral(ais) e/ou em linfonodo(s) subcarinal(ais)
N3: Metástase em linfonodo(s) mediastinal(ais) contralateral(ais), hilar(es) contralateral(ais), escaleno(s) homo- ou contralateral(ais), ou em linfonodo(s) supra-clavicular(es)
M1: Metástase à distância, inclusive nódulo(s) tumoral(is) distinto(s) num lobo diferente (homolateral ou contralateral)
